// Jest Snapshot v1, https://goo.gl/fbAQLP

exports[`CurrentLocation renders correctly 1`] = `[Function]`;
