// Jest Snapshot v1, https://goo.gl/fbAQLP

exports[`EmptyMessage renders correctly 1`] = `[Function]`;
